// Jest Snapshot v1, https://goo.gl/fbAQLP

exports[`should render dashboard correctly 1`] = `
<ExpenseDashboardPage__Dashboard>
  <p>
    Search expenses.
  </p>
  <Connect(ExpenseListFilters) />
  <Connect(ExpenseList) />
</ExpenseDashboardPage__Dashboard>
`;
