// Jest Snapshot v1, https://goo.gl/fbAQLP

exports[`should render list of expenses 1`] = `
<div>
  <p>
    $1.95
  </p>
  <style__StyledLink
    to="/edit/1"
  >
    gum
  </style__StyledLink>
  <p>
    one pack of bubble gum
  </p>
  <p>
    12/31/1969 7:00 pm
  </p>
  <hr />
</div>
`;
