// Jest Snapshot v1, https://goo.gl/fbAQLP

exports[`should render ExpenseList with empty message 1`] = `
<div>
  <p>
    Total: $0.00
  </p>
  <hr />
  <p>
    No Expense to list. Try clearing the date range.
  </p>
</div>
`;

exports[`should render ExpenseList with expenses 1`] = `
<div>
  <p>
    Total: $601.95
  </p>
  <hr />
  <ExpenseListItem
    amount={195}
    createdAt={0}
    description="gum"
    id="1"
    key="1"
    note="one pack of bubble gum"
  />
  <ExpenseListItem
    amount={15000}
    createdAt={-345600000}
    description="rent"
    id="2"
    key="2"
    note=""
  />
  <ExpenseListItem
    amount={45000}
    createdAt={345600000}
    description="Credit Card"
    id="3"
    key="3"
    note=""
  />
</div>
`;
